{
  "tvrage": 25988,
  "thetvdb": 264492,
  "imdb": "tt1553656"
}