{
  "medium": "http://static.tvmaze.com/uploads/images/medium_portrait/0/1.jpg",
  "original": "http://static.tvmaze.com/uploads/images/original_untouched/0/1.jpg"
}